// Jest Snapshot v1, https://goo.gl/fbAQLP

exports[`<Home> properly shows login when not authenticated 1`] = `
<div>
  <p
    className="App-intro"
  >
    <button
      onClick={[Function]}
    >
      Fake Login
    </button>
  </p>
</div>
`;
